// Jest Snapshot v1, https://goo.gl/fbAQLP

exports[`Quote snapshot 1`] = `
<section
    <h4>
      Lorem ipsum dolor sit amet, consectetur adipiscing elit. Nulla dignissim,
      dolor id sagittis tincidunt, mauris mauris consequat leo, et commodo purus
      est vitae ex. Duis nisi lacus, facilisis in varius ac, pulvinar nec libero.
      Pellentesque feugiat elementum bibendum. Ut convallis libero sit amet tortor
      egestas, nec laoreet eros ullamcorper. Nullam laoreet semper rutrum. Mauris
      leo enim, vestibulum ut lacus sed, blandit imperdiet nibh. Donec eget velit
    </h4>
</section>
`;